{"level":"info","message":"Redis connected successfully","service":"bookshare","timestamp":"2026-05-21 18:05:18"}
{"cacheKey":"books:browse:city=:search=:page=1:pageSize=12","city":"","level":"info","message":"Redis cache miss, fetching from database","search":"","service":"bookshare","timestamp":"2026-05-21 18:05:18"}
{"cacheKey":"books:browse:city=:search=:page=1:pageSize=12","city":"","count":1,"level":"info","message":"Books fetched and cached in Redis","search":"","service":"bookshare","timestamp":"2026-05-21 18:05:19","ttl":300}
{"cacheKey":"books:browse:city=:search=l:page=1:pageSize=12","city":"","level":"info","message":"Redis cache miss, fetching from database","search":"l","service":"bookshare","timestamp":"2026-05-21 18:05:37"}
{"cacheKey":"books:browse:city=:search=l:page=1:pageSize=12","city":"","count":1,"level":"info","message":"Books fetched and cached in Redis","search":"l","service":"bookshare","timestamp":"2026-05-21 18:05:37","ttl":300}
{"cacheKey":"books:browse:city=:search=lo:page=1:pageSize=12","city":"","level":"info","message":"Redis cache miss, fetching from database","search":"lo","service":"bookshare","timestamp":"2026-05-21 18:05:37"}
{"cacheKey":"books:browse:city=:search=lo:page=1:pageSize=12","city":"","count":1,"level":"info","message":"Books fetched and cached in Redis","search":"lo","service":"bookshare","timestamp":"2026-05-21 18:05:37","ttl":300}
{"cacheKey":"books:browse:city=:search=lo :page=1:pageSize=12","city":"","level":"info","message":"Redis cache miss, fetching from database","search":"lo ","service":"bookshare","timestamp":"2026-05-21 18:05:38"}
{"cacheKey":"books:browse:city=:search=lo :page=1:pageSize=12","city":"","count":1,"level":"info","message":"Books fetched and cached in Redis","search":"lo ","service":"bookshare","timestamp":"2026-05-21 18:05:38","ttl":300}
{"cacheKey":"books:browse:city=:search=lo b:page=1:pageSize=12","city":"","level":"info","message":"Redis cache miss, fetching from database","search":"lo b","service":"bookshare","timestamp":"2026-05-21 18:05:39"}
{"cacheKey":"books:browse:city=:search=lo b:page=1:pageSize=12","city":"","count":1,"level":"info","message":"Books fetched and cached in Redis","search":"lo b","service":"bookshare","timestamp":"2026-05-21 18:05:39","ttl":300}
{"cacheKey":"books:browse:city=:search=lo bo:page=1:pageSize=12","city":"","level":"info","message":"Redis cache miss, fetching from database","search":"lo bo","service":"bookshare","timestamp":"2026-05-21 18:05:40"}
{"cacheKey":"books:browse:city=:search=lo bo:page=1:pageSize=12","city":"","count":1,"level":"info","message":"Books fetched and cached in Redis","search":"lo bo","service":"bookshare","timestamp":"2026-05-21 18:05:40","ttl":300}
{"cacheKey":"books:browse:city=:search=lo boo:page=1:pageSize=12","city":"","level":"info","message":"Redis cache miss, fetching from database","search":"lo boo","service":"bookshare","timestamp":"2026-05-21 18:05:40"}
{"cacheKey":"books:browse:city=:search=lo boo:page=1:pageSize=12","city":"","count":1,"level":"info","message":"Books fetched and cached in Redis","search":"lo boo","service":"bookshare","timestamp":"2026-05-21 18:05:40","ttl":300}
{"cacheKey":"books:browse:city=:search=lo book:page=1:pageSize=12","city":"","level":"info","message":"Redis cache miss, fetching from database","search":"lo book","service":"bookshare","timestamp":"2026-05-21 18:05:40"}
{"cacheKey":"books:browse:city=:search=lo book:page=1:pageSize=12","city":"","count":1,"level":"info","message":"Books fetched and cached in Redis","search":"lo book","service":"bookshare","timestamp":"2026-05-21 18:05:40","ttl":300}
{"cacheKey":"books:browse:city=:search=lo bookk:page=1:pageSize=12","city":"","level":"info","message":"Redis cache miss, fetching from database","search":"lo bookk","service":"bookshare","timestamp":"2026-05-21 18:05:41"}
{"cacheKey":"books:browse:city=:search=lo bookk:page=1:pageSize=12","city":"","count":0,"level":"info","message":"Books fetched and cached in Redis","search":"lo bookk","service":"bookshare","timestamp":"2026-05-21 18:05:41","ttl":300}
{"cacheKey":"books:browse:city=:search=lo bookkk:page=1:pageSize=12","city":"","level":"info","message":"Redis cache miss, fetching from database","search":"lo bookkk","service":"bookshare","timestamp":"2026-05-21 18:05:41"}
{"cacheKey":"books:browse:city=:search=lo bookkk:page=1:pageSize=12","city":"","count":0,"level":"info","message":"Books fetched and cached in Redis","search":"lo bookkk","service":"bookshare","timestamp":"2026-05-21 18:05:41","ttl":300}
{"cacheKey":"books:browse:city=:search=lo bookkkk:page=1:pageSize=12","city":"","level":"info","message":"Redis cache miss, fetching from database","search":"lo bookkkk","service":"bookshare","timestamp":"2026-05-21 18:05:41"}
{"cacheKey":"books:browse:city=:search=lo bookkkk:page=1:pageSize=12","city":"","count":0,"level":"info","message":"Books fetched and cached in Redis","search":"lo bookkkk","service":"bookshare","timestamp":"2026-05-21 18:05:41","ttl":300}
{"cacheKey":"books:browse:city=:search=lo bookkkkk:page=1:pageSize=12","city":"","level":"info","message":"Redis cache miss, fetching from database","search":"lo bookkkkk","service":"bookshare","timestamp":"2026-05-21 18:05:41"}
{"cacheKey":"books:browse:city=:search=lo bookkkkk:page=1:pageSize=12","city":"","count":0,"level":"info","message":"Books fetched and cached in Redis","search":"lo bookkkkk","service":"bookshare","timestamp":"2026-05-21 18:05:41","ttl":300}
{"cacheKey":"books:browse:city=:search=c:page=1:pageSize=12","city":"","level":"info","message":"Redis cache miss, fetching from database","search":"c","service":"bookshare","timestamp":"2026-05-21 18:06:23"}
{"cacheKey":"books:browse:city=:search=c:page=1:pageSize=12","city":"","count":0,"level":"info","message":"Books fetched and cached in Redis","search":"c","service":"bookshare","timestamp":"2026-05-21 18:06:23","ttl":300}
{"cacheKey":"books:browse:city=:search=cs:page=1:pageSize=12","city":"","level":"info","message":"Redis cache miss, fetching from database","search":"cs","service":"bookshare","timestamp":"2026-05-21 18:06:23"}
{"cacheKey":"books:browse:city=:search=cs:page=1:pageSize=12","city":"","count":0,"level":"info","message":"Books fetched and cached in Redis","search":"cs","service":"bookshare","timestamp":"2026-05-21 18:06:23","ttl":300}
{"cacheKey":"books:browse:city=:search=csd:page=1:pageSize=12","city":"","level":"info","message":"Redis cache miss, fetching from database","search":"csd","service":"bookshare","timestamp":"2026-05-21 18:06:23"}
{"cacheKey":"books:browse:city=:search=csd:page=1:pageSize=12","city":"","count":0,"level":"info","message":"Books fetched and cached in Redis","search":"csd","service":"bookshare","timestamp":"2026-05-21 18:06:23","ttl":300}
{"cacheKey":"books:browse:city=:search=a:page=1:pageSize=12","city":"","level":"info","message":"Redis cache miss, fetching from database","search":"a","service":"bookshare","timestamp":"2026-05-21 18:06:29"}
{"cacheKey":"books:browse:city=:search=a:page=1:pageSize=12","city":"","count":0,"level":"info","message":"Books fetched and cached in Redis","search":"a","service":"bookshare","timestamp":"2026-05-21 18:06:29","ttl":300}
{"cacheKey":"books:browse:city=h:search=:page=1:pageSize=12","city":"h","level":"info","message":"Redis cache miss, fetching from database","search":"","service":"bookshare","timestamp":"2026-05-21 18:06:38"}
{"cacheKey":"books:browse:city=h:search=:page=1:pageSize=12","city":"h","count":1,"level":"info","message":"Books fetched and cached in Redis","search":"","service":"bookshare","timestamp":"2026-05-21 18:06:38","ttl":300}
{"cacheKey":"books:browse:city=ha:search=:page=1:pageSize=12","city":"ha","level":"info","message":"Redis cache miss, fetching from database","search":"","service":"bookshare","timestamp":"2026-05-21 18:06:38"}
{"cacheKey":"books:browse:city=ha:search=:page=1:pageSize=12","city":"ha","count":1,"level":"info","message":"Books fetched and cached in Redis","search":"","service":"bookshare","timestamp":"2026-05-21 18:06:38","ttl":300}
